<?xml version="1.0" encoding="UTF-8"?>
<testsuites name="Mocha Tests" time="0.002" tests="6" failures="0">
  <testsuite name="Root Suite" timestamp="2018-03-16T15:55:24" tests="0" failures="0" time="0">
  </testsuite>
  <testsuite name="Test &quot;CaesarCipher&quot;" timestamp="2018-03-16T15:55:24" tests="4" file="/mnt/c/Projects/Crypto/cryptography/test/CaesarCipher.spec.ts" failures="0" time="0.001">
    <testcase name="Test &quot;CaesarCipher&quot; Check static &quot;CaesarCipher.encrypt&quot;" time="0.001" classname="Check static &quot;CaesarCipher.encrypt&quot;">
    </testcase>
    <testcase name="Test &quot;CaesarCipher&quot; Check static &quot;CaesarCipher.decrypt&quot;" time="0" classname="Check static &quot;CaesarCipher.decrypt&quot;">
    </testcase>
    <testcase name="Test &quot;CaesarCipher&quot; Check &quot;CaesarCipher.encrypt&quot;" time="0" classname="Check &quot;CaesarCipher.encrypt&quot;">
    </testcase>
    <testcase name="Test &quot;CaesarCipher&quot; Check &quot;CaesarCipher.decrypt&quot;" time="0" classname="Check &quot;CaesarCipher.decrypt&quot;">
    </testcase>
  </testsuite>
  <testsuite name="Test &quot;MorseCipher&quot;" timestamp="2018-03-16T15:55:24" tests="2" file="/mnt/c/Projects/Crypto/cryptography/test/MorseCipher.spec.ts" failures="0" time="0.001">
    <testcase name="Test &quot;MorseCipher&quot; Check &quot;MorseCipher.encrypt&quot;" time="0" classname="Check &quot;MorseCipher.encrypt&quot;">
    </testcase>
    <testcase name="Test &quot;MorseCipher&quot; Check &quot;MorseCipher.decrypt&quot;" time="0.001" classname="Check &quot;MorseCipher.decrypt&quot;">
    </testcase>
  </testsuite>
</testsuites>